files/89.csv
id,week,center_id,meal_id,checkout_price,base_price,emailer_for_promotion,homepage_featured,num_orders
1264935,1,89,2707,193.03,193.03,0,0,755
1195363,2,89,2707,195.03,194.03,0,0,716
1337670,3,89,2707,194,194,0,0,1147
1315855,4,89,2707,195.03,194.03,0,0,986
1212198,5,89,2707,187.21,189.21,0,0,784
1220041,6,89,2707,222.19,221.19,0,0,378
1308656,7,89,2707,223.13,223.13,0,0,620
1358197,8,89,2707,226.98,228.98,0,0,582
1164515,9,89,2707,229.92,230.92,0,0,447
1471354,10,89,2707,225.07,225.07,0,0,419
1220847,11,89,2707,228.95,227.95,0,0,568
1206542,12,89,2707,189.21,229.95,0,0,770
1006038,13,89,2707,194.06,227.95,0,0,891
1061579,14,89,2707,190.12,229.95,0,1,782
1242819,15,89,2707,193.03,227.95,0,1,1093
1123119,16,89,2707,195.03,229.95,0,1,959
1388549,17,89,2707,192.12,227.95,1,1,1175
1018310,18,89,2707,192.06,228.95,0,0,919
1237724,19,89,2707,221.22,219.22,0,0,607
1220308,20,89,2707,225.04,225.04,0,0,609
1282263,21,89,2707,228.01,228.01,0,0,716
1450431,22,89,2707,229.89,230.89,0,0,784
1138242,23,89,2707,229.95,228.95,0,0,757
1333791,24,89,2707,193.09,229.95,0,1,1689
1487893,25,89,2707,193.06,229.95,0,1,1296
1337488,26,89,2707,193.06,229.95,0,1,946
1050777,27,89,2707,195.03,228.95,0,1,771
1044274,28,89,2707,191.15,229.95,0,0,931
1179370,29,89,2707,194.03,227.95,0,0,487
1299334,30,89,2707,231.89,230.89,0,0,582
1410983,31,89,2707,227.95,229.95,0,0,501
1343970,32,89,2707,224.07,224.07,0,0,769
1472592,33,89,2707,226.04,225.04,0,0,595
1264320,34,89,2707,228.98,226.98,0,0,676
1320091,35,89,2707,225.04,226.04,0,0,528
1246920,36,89,2707,230.89,230.89,0,0,891
1293727,37,89,2707,194.06,229.89,0,0,1041
1223847,38,89,2707,193.06,229.89,0,1,1188
1018045,39,89,2707,193.03,230.89,0,1,1013
1491617,40,89,2707,190.12,231.89,0,1,1526
1114929,41,89,2707,221.16,230.89,0,1,1053
1118476,42,89,2707,232.86,230.86,0,0,593
1178125,43,89,2707,231.86,230.86,0,0,701
1314849,44,89,2707,230.89,229.89,0,0,917
1161181,45,89,2707,221.19,221.19,0,0,728
1463124,46,89,2707,222.13,222.13,0,0,609
1264322,47,89,2707,222.13,222.13,0,0,485
1090919,48,89,2707,193.03,224.13,1,0,1242
1308341,49,89,2707,182.36,222.13,0,0,717
1235395,50,89,2707,195.03,222.13,0,0,824
1001195,51,89,2707,192.12,222.13,0,0,269
1051907,52,89,2707,192.06,222.13,0,0,906
1065026,53,89,2707,192.06,224.13,0,0,998
1418427,54,89,2707,193.09,222.13,0,0,379
1257281,55,89,2707,190.12,190.12,0,0,1147
1220110,56,89,2707,227.95,229.95,0,0,620
1015819,57,89,2707,226.98,228.98,0,0,864
1343786,58,89,2707,224.07,226.07,0,0,1000
1285373,59,89,2707,223.16,222.16,0,0,770
1208779,60,89,2707,225.04,226.04,0,0,783
1344231,61,89,2707,228.01,227.01,0,0,1135
1185857,62,89,2707,193.09,228.01,0,0,460
1465879,63,89,2707,192.12,226.01,0,0,877
1323904,64,89,2707,193.03,228.01,0,0,985
1361665,65,89,2707,194.06,227.01,0,0,1404
1203070,66,89,2707,194.06,228.01,0,0,1255
1151840,67,89,2707,194.06,226.01,0,0,1202
1091625,68,89,2707,192.06,192.06,0,0,1014
1376109,69,89,2707,194.06,194.06,0,0,796
1067003,70,89,2707,194.06,193.06,0,1,487
1421755,71,89,2707,189.18,194.06,0,1,1418
1475824,72,89,2707,190.12,192.06,1,0,1687
1213823,73,89,2707,191.12,192.12,0,0,1310
1273892,74,89,2707,177.57,192.12,1,1,1149
1224821,75,89,2707,190.18,189.18,0,0,1133
1142120,76,89,2707,195.03,195.03,0,0,743
1050465,77,89,2707,228.01,226.01,0,0,675
1243386,78,89,2707,227.95,229.95,0,0,555
1440259,79,89,2707,226.07,224.07,0,0,634
1139439,80,89,2707,226.01,226.01,0,0,917
1291807,81,89,2707,231.86,231.86,0,0,662
1030166,82,89,2707,226.01,226.01,0,0,986
1063197,83,89,2707,189.18,226.01,1,0,1108
1162753,84,89,2707,227.95,228.95,0,0,608
1299999,85,89,2707,228.95,228.95,0,0,838
1082172,86,89,2707,190.18,229.95,0,0,1095
1053407,87,89,2707,188.21,229.95,0,0,932
1338130,88,89,2707,190.18,227.95,0,0,919
1195313,89,89,2707,188.18,227.95,0,0,890
1334384,90,89,2707,228.95,228.95,0,0,729
1137649,91,89,2707,189.15,229.95,0,0,1674
1263325,92,89,2707,191.15,229.95,0,0,823
1310378,93,89,2707,193.06,227.95,0,0,1134
1461325,94,89,2707,195.03,229.95,1,1,1553
1015478,95,89,2707,192.06,227.95,0,0,1041
1290478,96,89,2707,192.09,228.95,0,0,1094
1331738,97,89,2707,192.09,228.95,0,0,364
1017974,98,89,2707,189.18,190.18,0,0,1148
1150273,99,89,2707,193.06,194.06,0,0,864
1050147,100,89,2707,193.06,193.06,0,0,1431
1427042,101,89,2707,192.06,194.06,0,0,1121
1051353,102,89,2707,190.12,192.12,0,0,1068
1175710,103,89,2707,189.15,190.15,0,0,877
1405149,104,89,2707,192.06,193.06,0,0,999
1092219,105,89,2707,187.21,188.21,0,0,986
1383708,106,89,2707,187.27,187.27,0,0,1430
1087534,107,89,2707,193.06,192.06,0,0,1214
1232251,108,89,2707,192.09,193.09,0,0,890
1284739,109,89,2707,239.65,237.65,0,0,958
1231758,110,89,2707,236.71,237.71,0,0,636
1039303,111,89,2707,229.89,231.89,0,0,648
1255882,112,89,2707,231.83,231.83,0,0,675
1058227,113,89,2707,238.65,238.65,0,0,999
1412048,114,89,2707,239.59,241.59,0,0,905
1179362,115,89,2707,236.74,235.74,0,0,1039
1160605,116,89,2707,235.74,236.74,0,0,1027
1007609,117,89,2707,186.27,235.74,0,0,1594
1192275,118,89,2707,191.09,234.74,0,0,1175
1120690,119,89,2707,193.09,235.74,0,0,1080
1386967,120,89,2707,193.09,236.74,0,0,1052
1003856,121,89,2707,240.56,242.56,0,0,960
1279529,122,89,2707,238.65,237.65,0,0,958
1253329,123,89,2707,235.74,236.74,0,0,850
1314724,124,89,2707,191.15,236.74,1,0,1377
1256580,125,89,2707,190.12,234.74,1,0,1554
1085972,126,89,2707,194.03,234.74,1,0,1215
1270580,127,89,2707,192.06,236.74,0,0,877
1268160,128,89,2707,231.86,232.86,0,0,823
1057011,129,89,2707,240.62,240.62,0,0,674
1102218,130,89,2707,240.62,239.62,0,0,986
1116246,131,89,2707,238.65,238.65,0,0,850
1208626,132,89,2707,232.8,233.8,0,0,917
1329142,133,89,2707,242.56,242.56,0,0,850
1351092,134,89,2707,241.59,240.59,0,0,837
1008238,135,89,2707,216.34,216.34,0,0,190
1499983,136,89,2707,217.34,216.34,0,0,836
1289337,137,89,2707,227.95,228.95,0,0,783
1053883,138,89,2707,233.83,233.83,0,0,811
1033464,139,89,2707,237.65,237.65,0,0,782
1402536,140,89,2707,236.68,236.68,0,0,971
1308096,141,89,2707,240.59,240.59,0,0,1095
1099790,142,89,2707,238.62,238.62,0,0,798
1356056,143,89,2707,241.56,241.56,0,0,1027
1087888,144,89,2707,237.65,237.65,0,0,971
1124803,145,89,2707,229.92,228.92,0,0,892
1151068,1,89,2290,303.67,303.67,0,0,540
1442691,2,89,2290,311.43,311.43,0,0,499
1169204,3,89,2290,310.43,309.43,0,0,513
1427276,4,89,2290,310.43,309.43,0,0,836
1352978,5,89,2290,162.02,309.43,1,1,12489
1289602,6,89,2290,155.2,310.43,0,1,5616
1420445,7,89,2290,160.05,310.43,1,1,7263
1074201,8,89,2290,162.05,311.43,0,1,1566
1279722,9,89,2290,294.91,294.91,0,0,527
1075251,10,89,2290,302.64,302.64,0,0,594
1445923,11,89,2290,281.36,281.36,0,0,701
1126699,12,89,2290,296.88,296.88,0,0,850
1300837,13,89,2290,292.97,293.97,0,0,701
1369205,14,89,2290,305.61,293.97,0,1,743
1024462,15,89,2290,293.91,294.91,0,0,811
1012004,16,89,2290,305.61,305.61,0,0,690
1130538,17,89,2290,194.97,303.61,1,0,2904
1308344,18,89,2290,293.91,294.91,0,0,649
1311159,19,89,2290,290.03,291.03,0,0,662
1165177,20,89,2290,252.2,292.03,0,0,663
1209652,21,89,2290,266.81,266.81,0,0,582
1015973,22,89,2290,293.94,294.94,0,0,782
1486564,23,89,2290,297.82,298.82,0,0,675
1006727,24,89,2290,305.58,304.58,0,0,824
1040046,25,89,2290,300.7,301.7,0,0,593
1496160,26,89,2290,304.64,304.64,0,0,595
1251026,27,89,2290,301.73,300.73,0,0,447
1048975,28,89,2290,309.43,309.43,0,0,243
1203290,29,89,2290,309.43,310.43,0,0,257
1036946,30,89,2290,310.43,311.43,0,0,202
1308784,31,89,2290,285.24,283.24,0,0,485
1088932,32,89,2290,233.77,284.24,0,0,690
1368907,33,89,2290,255.11,285.24,0,0,809
1087174,34,89,2290,299.76,299.76,0,0,608
1396073,35,89,2290,250.29,299.76,0,0,743
1279085,36,89,2290,303.67,301.67,0,0,486
1306802,37,89,2290,313.34,312.34,0,0,593
1492341,38,89,2290,171.75,314.34,1,0,4373
1276745,39,89,2290,244.5,313.34,0,0,609
1363503,40,89,2290,263.87,312.34,0,0,1053
1236013,41,89,2290,277.45,313.34,0,0,324
1497293,42,89,2290,287.15,287.15,0,0,634
1144367,43,89,2290,283.3,282.3,0,0,798
1479733,44,89,2290,274.54,275.54,0,0,944
1094891,45,89,2290,239.59,273.54,1,1,3807
1166724,46,89,2290,254.14,254.14,0,0,608
1089721,47,89,2290,243.47,243.47,0,0,892
1068093,48,89,2290,283.3,283.3,0,0,729
1105173,49,89,2290,272.63,271.63,0,0,607
1410507,50,89,2290,279.36,279.36,0,0,539
1244896,51,89,2290,288.15,287.15,0,0,568
1482102,52,89,2290,280.33,281.33,0,0,662
1036258,53,89,2290,262.9,261.9,0,0,932
1445958,54,89,2290,283.3,281.3,0,0,810
1235918,55,89,2290,287.15,288.15,0,0,716
1097465,56,89,2290,283.3,281.3,0,0,809
1044820,57,89,2290,264.87,263.87,0,0,662
1036280,58,89,2290,249.29,251.29,0,0,944
1019014,59,89,2290,242.56,242.56,0,0,715
1198997,60,89,2290,261.9,261.9,0,0,635
1309894,61,89,2290,278.42,279.42,0,0,649
1211302,62,89,2290,270.69,269.69,0,0,175
1334962,63,89,2290,277.48,276.48,0,0,352
1359095,64,89,2290,264.81,265.81,0,0,554
1070093,65,89,2290,268.69,268.69,0,0,446
1432813,66,89,2290,279.39,278.39,0,0,486
1250723,67,89,2290,280.33,281.33,0,0,674
1233955,68,89,2290,286.15,286.15,0,0,837
1410974,69,89,2290,287.15,288.15,0,0,717
1257220,70,89,2290,274.54,274.54,0,0,919
1353802,71,89,2290,251.26,250.26,0,0,1175
1082161,72,89,2290,264.87,263.87,0,0,783
1119298,73,89,2290,267.72,267.72,0,0,312
1451467,74,89,2290,289.12,289.12,0,0,622
1248959,75,89,2290,295.88,294.88,0,0,675
1075813,76,89,2290,308.52,307.52,0,0,541
1395959,77,89,2290,309.49,307.49,0,0,608
1445253,78,89,2290,301.7,300.7,0,0,649
1128546,79,89,2290,295.88,295.88,0,0,662
1066106,80,89,2290,303.67,302.67,0,0,676
1263305,81,89,2290,309.49,309.49,0,0,636
1464551,82,89,2290,307.49,307.49,0,0,512
1312138,83,89,2290,290.09,288.09,0,0,689
1485294,84,89,2290,287.15,287.15,0,0,608
1103503,85,89,2290,188.18,288.15,0,0,1403
1327051,86,89,2290,186.24,288.15,0,0,1634
1082152,87,89,2290,258.99,260.99,0,0,472
1168765,88,89,2290,302.64,302.64,0,0,472
1221552,89,89,2290,296.88,296.88,0,0,513
1423538,90,89,2290,189.18,294.88,1,0,2255
1289272,91,89,2290,302.64,303.64,0,0,285
1330904,92,89,2290,303.64,303.64,0,0,567
1448398,93,89,2290,295.88,296.88,0,0,539
1118379,94,89,2290,237.71,294.88,0,0,959
1254951,95,89,2290,243.53,295.88,0,0,944
1140591,96,89,2290,302.67,301.67,0,0,661
1394125,97,89,2290,253.23,302.67,0,0,243
1001954,98,89,2290,277.42,277.42,0,0,647
1344092,99,89,2290,267.75,268.75,0,0,674
1321888,100,89,2290,223.16,268.75,1,0,4065
1116280,101,89,2290,222.19,268.75,1,1,2904
1025624,102,89,2290,181.39,267.75,1,0,2484
1052090,103,89,2290,183.39,267.75,1,1,2876
1447737,104,89,2290,255.11,256.11,0,0,1000
1033010,105,89,2290,254.14,256.14,0,0,1322
1242028,106,89,2290,259.05,259.05,0,0,1540
1371434,107,89,2290,304.64,304.64,0,0,661
1281892,108,89,2290,302.64,303.64,0,0,892
1431588,109,89,2290,262.93,303.64,0,0,973
1237627,110,89,2290,282.3,281.3,0,0,1161
1122603,111,89,2290,287.12,289.12,0,0,1053
1341750,112,89,2290,288.09,289.09,0,0,973
1070367,113,89,2290,291.06,289.06,0,0,770
1040084,114,89,2290,302.67,302.67,0,0,945
1365687,115,89,2290,274.57,273.57,0,0,445
1149624,116,89,2290,300.76,298.76,0,0,296
1344488,117,89,2290,302.67,303.67,0,0,798
1474765,118,89,2290,308.49,308.49,0,0,863
1479713,119,89,2290,268.75,308.49,1,0,1945
1454287,120,89,2290,270.66,309.49,1,0,1958
1499987,121,89,2290,312.34,312.34,0,0,593
1446923,122,89,2290,289.06,290.06,0,0,728
1187458,123,89,2290,232.8,289.06,0,0,676
1157594,124,89,2290,284.21,284.21,0,0,649
1284986,125,89,2290,266.78,265.78,0,0,784
1479124,126,89,2290,299.79,299.79,0,0,824
1224064,127,89,2290,284.21,284.21,0,0,663
1234171,128,89,2290,292.03,290.03,0,0,648
1039811,129,89,2290,277.42,279.42,0,0,487
1110392,130,89,2290,296.88,295.88,0,0,539
1293175,131,89,2290,299.73,301.73,0,0,554
1107670,132,89,2290,279.39,278.39,0,0,567
1222469,133,89,2290,310.46,310.46,0,0,581
1081688,134,89,2290,286.21,308.46,1,1,3780
1364633,135,89,2290,268.75,309.46,0,0,298
1198483,136,89,2290,212.49,309.46,0,0,460
1242736,137,89,2290,237.71,310.46,0,0,244
1310701,138,89,2290,296.85,296.85,0,0,649
1375999,139,89,2290,289.09,289.09,0,0,634
1338646,140,89,2290,296.88,295.88,0,0,636
1020057,141,89,2290,302.64,304.64,0,0,688
1402585,142,89,2290,296.88,296.88,0,0,635
1217194,143,89,2290,288.09,288.09,0,0,676
1226485,144,89,2290,302.67,301.67,0,0,594
1415335,145,89,2290,187.27,303.67,0,0,68
